MAIN START
CCH = 0
SGH = 0
DGH = 0
RDH = 1
Setting up RD Solver
before reading file
This is the 1st description line of the EnSight Gold geometry example
This is the 2nd description line of the EnSight Gold geometry example
node id assign
element id assign
part
         1
Mesh
coordinates
578
Num points read in = 578

hexa8
Num elements read in 256
before initial mesh initialization
Before converting index
Before loop
Before initial mesh connectivity
refine mesh
Before actual mesh connectivity!!!
Min_dist = 0.0625
Hash dist = 0.00446429
p_order = 2
after closing file

Num nodes in mesh = 21125
Num cells in mesh = 16384
Num elements in mesh = 256


Allocate and Initialize
Number of correction steps = 2
Num cells in element reference  = 64
  patch_rid = 240  num_patches = 240
  num cells * 6 = 384 and num_cells_1D = 4
Node state allocated and initialized

Corner state allocated and initialized

Cell state allocated and initialized

Material point state allocated and initialized

Element state allocated and initialized

number of patches = 53760
number of bdy patches = 9216
Number of Boundaries = 6
 tagged boundary patches 
Boundary number 0
tagged a set 
boundary value = 0
number of bdy patches in this set = 256

 tagged boundary patches 
Boundary number 1
tagged a set 
boundary value = 0
number of bdy patches in this set = 256

 tagged boundary patches 
Boundary number 2
tagged a set 
boundary value = 0
number of bdy patches in this set = 4096

 tagged boundary patches 
Boundary number 3
tagged a set 
boundary value = 1
number of bdy patches in this set = 256

 tagged boundary patches 
Boundary number 4
tagged a set 
boundary value = 1
number of bdy patches in this set = 256

 tagged boundary patches 
Boundary number 5
tagged a set 
boundary value = 0.33
number of bdy patches in this set = 0

Calculating Jacobian at gauss points
Calculating Jacobian at gauss pts in cells
Before volume from Jacobian
Fill instruction NF = 1
Num cells read in = 256
Num elements in mesh = 256
Num cells in mesh = 16384
After first timestep call
First Time Step = 1.1e-05

Before first ensight 
in ensight writer
Open files
write geo
After first ensight 

Calling Hydro Solver


cycle = 1
cycle = 2
cycle = 3
cycle = 4
cycle = 5
cycle = 6
cycle = 7
cycle = 8
cycle = 9
cycle = 10
Percent complete = 0.05 
cycle = 11
cycle = 12
cycle = 13
cycle = 14
cycle = 15
cycle = 16
cycle = 17
cycle = 18
cycle = 19
cycle = 20
Percent complete = 0.16 
cycle = 21
cycle = 22
cycle = 23
cycle = 24
cycle = 25
cycle = 26
cycle = 27
cycle = 28
cycle = 29
cycle = 30
Percent complete = 0.47 
cycle = 31
cycle = 32
cycle = 33
cycle = 34
cycle = 35
cycle = 36
cycle = 37
cycle = 38
cycle = 39
cycle = 40
Percent complete = 1.26 
cycle = 41
cycle = 42
cycle = 43
cycle = 44
cycle = 45
cycle = 46
cycle = 47
cycle = 48
cycle = 49
cycle = 50
Percent complete = 3.31 
Step = 50   dt = 1.291299e-03  time = 1.408329e-02  
 cycle = 51
cycle = 52
cycle = 53
slurmstepd: error: *** STEP 14762301.0 ON cn213 CANCELLED AT 2022-12-03T00:22:24 DUE TO TIME LIMIT ***
slurmstepd: error: *** JOB 14762301 ON cn213 CANCELLED AT 2022-12-03T00:22:24 DUE TO TIME LIMIT ***
