MAIN START
CCH = 0
SGH = 0
DGH = 0
RDH = 1
Setting up RD Solver
before reading file
This is the 1st description line of the EnSight Gold geometry example
This is the 2nd description line of the EnSight Gold geometry example
node id assign
element id assign
part
         1
Mesh
coordinates
32
Num points read in = 32

hexa8
Num elements read in 9
before initial mesh initialization
Before converting index
Before loop
Before initial mesh connectivity
refine mesh
Before actual mesh connectivity!!!
Min_dist = 0.33
Hash dist = 0.0157143
p_order = 3
after closing file

Num nodes in mesh = 2527
Num cells in mesh = 1944
Num elements in mesh = 9


Allocate and Initialize
Number of correction steps = 2
Num cells in element reference  = 216
  patch_rid = 756  num_patches = 756
  num cells * 6 = 1296 and num_cells_1D = 6
Node state allocated and initialized

Corner state allocated and initialized

Cell state allocated and initialized

Material point state allocated and initialized

Element state allocated and initialized

number of patches = 6372
number of bdy patches = 1080
Number of Boundaries = 6
 tagged boundary patches 
Boundary number 0
tagged a set 
boundary value = 0
number of bdy patches in this set = 108

 tagged boundary patches 
Boundary number 1
tagged a set 
boundary value = 0
number of bdy patches in this set = 108

 tagged boundary patches 
Boundary number 2
tagged a set 
boundary value = 0
number of bdy patches in this set = 324

 tagged boundary patches 
Boundary number 3
tagged a set 
boundary value = 1
number of bdy patches in this set = 108

 tagged boundary patches 
Boundary number 4
tagged a set 
boundary value = 1
number of bdy patches in this set = 108

 tagged boundary patches 
Boundary number 5
tagged a set 
boundary value = 0.33
number of bdy patches in this set = 324

Calculating Jacobian at gauss points
Calculating Jacobian at gauss pts in cells
Before volume from Jacobian
Fill instruction NF = 1
Num cells read in = 9
Num elements in mesh = 9
Num cells in mesh = 1944
After first timestep call
First Time Step = 1.1e-05

Before first ensight 
in ensight writer
Open files
write geo
After first ensight 

Calling Hydro Solver


cycle = 1
 ke at t0 = 0.0825
 ie at t0 = 0.495
E_tot at t0 = 0.5775

cycle = 2
cycle = 3
cycle = 4
cycle = 5
cycle = 6
cycle = 7
cycle = 8
cycle = 9
cycle = 10
Percent complete = 0.05 
cycle = 11
cycle = 12
cycle = 13
cycle = 14
cycle = 15
cycle = 16
cycle = 17
cycle = 18
cycle = 19
cycle = 20
Percent complete = 0.16 
cycle = 21
cycle = 22
cycle = 23
cycle = 24
cycle = 25
cycle = 26
cycle = 27
cycle = 28
cycle = 29
cycle = 30
Percent complete = 0.47 
cycle = 31
cycle = 32
cycle = 33
cycle = 34
cycle = 35
cycle = 36
cycle = 37
cycle = 38
cycle = 39
cycle = 40
Percent complete = 1.26 
cycle = 41
cycle = 42
cycle = 43
cycle = 44
cycle = 45
cycle = 46
cycle = 47
cycle = 48
cycle = 49
