MAIN START
CCH = 0
SGH = 0
DGH = 0
RDH = 1
Setting up RD Solver
before reading file
This is the 1st description line of the EnSight Gold geometry example
This is the 2nd description line of the EnSight Gold geometry example
node id assign
element id assign
part
         1
Mesh
coordinates
32
Num points read in = 32

hexa8
Num elements read in 9
before initial mesh initialization
Before converting index
Before loop
Before initial mesh connectivity
refine mesh
Before actual mesh connectivity!!!
Min_dist = 0.33
Hash dist = 0.0235714
p_order = 2
after closing file

Num nodes in mesh = 845
Num cells in mesh = 576
Num elements in mesh = 9


Allocate and Initialize
Number of correction steps = 2
 Num cells in element reference  = 64
  patch_rid = 240  num_patches = 240
  num cells * 6 = 384 and num_cells_1D = 4
Node state allocated and initialized

Corner state allocated and initialized

Cell state allocated and initialized

Material point state allocated and initialized

Element state allocated and initialized

number of patches = 1968
number of bdy patches = 480
Number of Boundaries = 6
 tagged boundary patches 
Boundary number 0
tagged a set 
boundary value = 0
number of bdy patches in this set = 48

 tagged boundary patches 
Boundary number 1
tagged a set 
boundary value = 0
number of bdy patches in this set = 48

 tagged boundary patches 
Boundary number 2
tagged a set 
boundary value = 0
number of bdy patches in this set = 144

 tagged boundary patches 
Boundary number 3
tagged a set 
boundary value = 1
number of bdy patches in this set = 48

 tagged boundary patches 
Boundary number 4
tagged a set 
boundary value = 1
number of bdy patches in this set = 48

 tagged boundary patches 
Boundary number 5
tagged a set 
boundary value = 0.33
number of bdy patches in this set = 144

Calculating Jacobian at gauss points
Calculating Jacobian at gauss pts in cells
Before volume from Jacobian
Fill instruction NF = 1
Num cells read in = 9
Num elements in mesh = 9
Num cells in mesh = 576
After first timestep call
First Time Step = 1.1e-05

Before first ensight 
in ensight writer
Open files
write geo
After first ensight 

Calling Hydro Solver


 cycle = 1
 ke at t0 = 0.0825
 ie at t0 = 0.061875
E_tot at t0 = 0.144375

 cycle = 2
 cycle = 3
 cycle = 4
 cycle = 5
 cycle = 6
 cycle = 7
 cycle = 8
 cycle = 9
 cycle = 10
Percent complete = 0.02 
 cycle = 11
 cycle = 12
 cycle = 13
 cycle = 14
 cycle = 15
 cycle = 16
 cycle = 17
 cycle = 18
 cycle = 19
 cycle = 20
Percent complete = 0.07 
 cycle = 21
 cycle = 22
 cycle = 23
 cycle = 24
 cycle = 25
 cycle = 26
 cycle = 27
 cycle = 28
 cycle = 29
 cycle = 30
Percent complete = 0.20 
 cycle = 31
 cycle = 32
 cycle = 33
 cycle = 34
 cycle = 35
 cycle = 36
 cycle = 37
 cycle = 38
 cycle = 39
 cycle = 40
Percent complete = 0.54 
 cycle = 41
 cycle = 42
 cycle = 43
 cycle = 44
 cycle = 45
 cycle = 46
 cycle = 47
 cycle = 48
 cycle = 49
 cycle = 50
Percent complete = 1.41 
Step = 50   dt = 1.291299e-03  time = 1.408329e-02  
  cycle = 51
 cycle = 52
 cycle = 53
 cycle = 54
 cycle = 55
 cycle = 56
****************Graphics write*************** 
in ensight writer
Open files
write geo
 cycle = 57
 cycle = 58
 cycle = 59
 cycle = 60
Percent complete = 3.65 
 cycle = 61
 cycle = 62
 cycle = 63
 cycle = 64
****************Graphics write*************** 
in ensight writer
Open files
write geo
 cycle = 65
 cycle = 66
 cycle = 67
 cycle = 68
 cycle = 69
 cycle = 70
Percent complete = 6.34 
 cycle = 71
 cycle = 72
 cycle = 73
 cycle = 74
****************Graphics write*************** 
in ensight writer
Open files
write geo
 cycle = 75
 cycle = 76
 cycle = 77
 cycle = 78
 cycle = 79
 cycle = 80
Percent complete = 8.78 
 cycle = 81
 cycle = 82
 cycle = 83
 cycle = 84
****************Graphics write*************** 
in ensight writer
Open files
write geo
 cycle = 85
 cycle = 86
 cycle = 87
 cycle = 88
 cycle = 89
 cycle = 90
Percent complete = 12.17 
 cycle = 91
****************Graphics write*************** 
in ensight writer
Open files
write geo
 cycle = 92
 cycle = 93
 cycle = 94
 cycle = 95
 cycle = 96
 cycle = 97
****************Graphics write*************** 
in ensight writer
Open files
write geo
 cycle = 98
 cycle = 99
 cycle = 100
Percent complete = 16.02 
Step = 100   dt = 3.746159e-03  time = 1.602478e-01  
  cycle = 101
 cycle = 102
 cycle = 103
 cycle = 104
****************Graphics write*************** 
in ensight writer
Open files
write geo
 cycle = 105
 cycle = 106
 cycle = 107
 cycle = 108
 cycle = 109
 cycle = 110
Percent complete = 18.44 
 cycle = 111
 cycle = 112
 cycle = 113
 cycle = 114
 cycle = 115
 cycle = 116
****************Graphics write*************** 
in ensight writer
Open files
write geo
 cycle = 117
 cycle = 118
 cycle = 119
 cycle = 120
Percent complete = 21.19 
 cycle = 121
 cycle = 122
 cycle = 123
 cycle = 124
****************Graphics write*************** 
in ensight writer
Open files
write geo
 cycle = 125
 cycle = 126
 cycle = 127
 cycle = 128
 cycle = 129
 cycle = 130
Percent complete = 23.14 
 cycle = 131
 cycle = 132
 cycle = 133
 cycle = 134
 cycle = 135
 cycle = 136
 cycle = 137
 cycle = 138
 cycle = 139
****************Graphics write*************** 
in ensight writer
Open files
write geo
 cycle = 140
Percent complete = 25.18 
 cycle = 141
 cycle = 142
 cycle = 143
 cycle = 144
 cycle = 145
 cycle = 146
 cycle = 147
 cycle = 148
 cycle = 149
****************Graphics write*************** 
in ensight writer
Open files
write geo
 cycle = 150
Percent complete = 27.54 
Step = 150   dt = 3.516088e-04  time = 2.753516e-01  
  cycle = 151
 cycle = 152
 cycle = 153
 cycle = 154
 cycle = 155
 cycle = 156
 cycle = 157
 cycle = 158
 cycle = 159
 cycle = 160
Percent complete = 28.15 
 cycle = 161
 cycle = 162
 cycle = 163
 cycle = 164
 cycle = 165
 cycle = 166
 cycle = 167
 cycle = 168
 cycle = 169
 cycle = 170
Percent complete = 29.75 
 cycle = 171
****************Graphics write*************** 
in ensight writer
Open files
write geo
 cycle = 172
 cycle = 173
 cycle = 174
 cycle = 175
 cycle = 176
 cycle = 177
 cycle = 178
****************Graphics write*************** 
in ensight writer
Open files
write geo
 cycle = 179
 cycle = 180
Percent complete = 33.38 
 cycle = 181
 cycle = 182
 cycle = 183
****************Graphics write*************** 
in ensight writer
Open files
write geo
 cycle = 184
 cycle = 185
 cycle = 186
 cycle = 187
****************Graphics write*************** 
in ensight writer
Open files
write geo
 cycle = 188
 cycle = 189
 cycle = 190
Percent complete = 39.28 
 cycle = 191
 cycle = 192
****************Graphics write*************** 
in ensight writer
Open files
write geo
 cycle = 193
 cycle = 194
 cycle = 195
 cycle = 196
 cycle = 197
 cycle = 198
 cycle = 199
 cycle = 200
Percent complete = 40.10 
Step = 200   dt = 1.780055e-04  time = 4.010446e-01  
  cycle = 201
 cycle = 202
 cycle = 203
 cycle = 204
 cycle = 205
 cycle = 206
 cycle = 207
 cycle = 208
 cycle = 209
 cycle = 210
Percent complete = 40.42 
 cycle = 211
 cycle = 212
 cycle = 213
 cycle = 214
 cycle = 215
 cycle = 216
 cycle = 217
 cycle = 218
 cycle = 219
 cycle = 220
Percent complete = 41.23 
 cycle = 221
 cycle = 222
 cycle = 223
 cycle = 224
 cycle = 225
 cycle = 226
 cycle = 227
 cycle = 228
****************Graphics write*************** 
in ensight writer
Open files
write geo
 cycle = 229
 cycle = 230
Percent complete = 42.56 
 cycle = 231
 cycle = 232
 cycle = 233
 cycle = 234
 cycle = 235
 cycle = 236
 cycle = 237
 cycle = 238
 cycle = 239
 cycle = 240
Percent complete = 43.07 
 cycle = 241
 cycle = 242
 cycle = 243
 cycle = 244
 cycle = 245
 cycle = 246
 cycle = 247
 cycle = 248
 cycle = 249
 cycle = 250
Percent complete = 44.41 
Step = 250   dt = 1.980375e-03  time = 4.441080e-01  
  cycle = 251
 cycle = 252
 cycle = 253
****************Graphics write*************** 
in ensight writer
Open files
write geo
 cycle = 254
 cycle = 255
 cycle = 256
 cycle = 257
 cycle = 258
 cycle = 259
 cycle = 260
Percent complete = 46.37 
 cycle = 261
 cycle = 262
 cycle = 263
 cycle = 264
****************Graphics write*************** 
in ensight writer
Open files
write geo
 cycle = 265
 cycle = 266
 cycle = 267
 cycle = 268
 cycle = 269
 cycle = 270
Percent complete = 49.12 
 cycle = 271
 cycle = 272
 cycle = 273
****************Graphics write*************** 
in ensight writer
Open files
write geo
 cycle = 274
 cycle = 275
 cycle = 276
 cycle = 277
 cycle = 278
 cycle = 279
 cycle = 280
Percent complete = 51.06 
 cycle = 281
 cycle = 282
 cycle = 283
 cycle = 284
 cycle = 285
 cycle = 286
****************Graphics write*************** 
in ensight writer
Open files
write geo
 cycle = 287
 cycle = 288
 cycle = 289
 cycle = 290
Percent complete = 53.01 
 cycle = 291
 cycle = 292
 cycle = 293
 cycle = 294
 cycle = 295
 cycle = 296
 cycle = 297
 cycle = 298
 cycle = 299
****************Graphics write*************** 
in ensight writer
Open files
write geo
 cycle = 300
Percent complete = 55.17 
Step = 300   dt = 1.676651e-03  time = 5.516767e-01  
  cycle = 301
 cycle = 302
 cycle = 303
 cycle = 304
 cycle = 305
 cycle = 306
 cycle = 307
 cycle = 308
 cycle = 309
****************Graphics write*************** 
in ensight writer
Open files
write geo
 cycle = 310
Percent complete = 57.75 
 cycle = 311
 cycle = 312
 cycle = 313
 cycle = 314
 cycle = 315
 cycle = 316
 cycle = 317
****************Graphics write*************** 
in ensight writer
Open files
write geo
 cycle = 318
 cycle = 319
 cycle = 320
Percent complete = 60.62 
 cycle = 321
 cycle = 322
 cycle = 323
 cycle = 324
 cycle = 325
 cycle = 326
****************Graphics write*************** 
in ensight writer
Open files
write geo
 cycle = 327
 cycle = 328
 cycle = 329
 cycle = 330
Percent complete = 64.30 
 cycle = 331
 cycle = 332
****************Graphics write*************** 
in ensight writer
Open files
write geo
 cycle = 333
 cycle = 334
 cycle = 335
 cycle = 336
 cycle = 337
 cycle = 338
 cycle = 339
 cycle = 340
Percent complete = 66.71 
 cycle = 341
 cycle = 342
 cycle = 343
****************Graphics write*************** 
in ensight writer
Open files
write geo
 cycle = 344
 cycle = 345
 cycle = 346
 cycle = 347
 cycle = 348
 cycle = 349
 cycle = 350
Percent complete = 68.78 
Step = 350   dt = 2.382587e-03  time = 6.877594e-01  
  cycle = 351
 cycle = 352
 cycle = 353
 cycle = 354
 cycle = 355
****************Graphics write*************** 
in ensight writer
Open files
write geo
 cycle = 356
 cycle = 357
 cycle = 358
 cycle = 359
 cycle = 360
Percent complete = 70.05 
 cycle = 361
 cycle = 362
 cycle = 363
 cycle = 364
 cycle = 365
 cycle = 366
 cycle = 367
 cycle = 368
 cycle = 369
 cycle = 370
Percent complete = 70.27 
 cycle = 371
 cycle = 372
 cycle = 373
 cycle = 374
 cycle = 375
 cycle = 376
 cycle = 377
 cycle = 378
 cycle = 379
 cycle = 380
Percent complete = 70.84 
 cycle = 381
 cycle = 382
 cycle = 383
 cycle = 384
 cycle = 385
 cycle = 386
 cycle = 387
 cycle = 388
 cycle = 389
 cycle = 390
Percent complete = 72.30 
 cycle = 391
****************Graphics write*************** 
in ensight writer
Open files
write geo
 cycle = 392
 cycle = 393
 cycle = 394
 cycle = 395
 cycle = 396
 cycle = 397
 cycle = 398
 cycle = 399
 cycle = 400
Percent complete = 75.00 
Step = 400   dt = 3.450073e-04  time = 7.500000e-01  
 ****************Graphics write*************** 
in ensight writer
Open files
write geo
 cycle = 401
 cycle = 402
 cycle = 403
 cycle = 404
 cycle = 405
 cycle = 406
 cycle = 407
 cycle = 408
 cycle = 409
 cycle = 410
Percent complete = 75.60 
 cycle = 411
 cycle = 412
 cycle = 413
 cycle = 414
 cycle = 415
 cycle = 416
 cycle = 417
 cycle = 418
 cycle = 419
 cycle = 420
Percent complete = 77.17 
 cycle = 421
 cycle = 422
****************Graphics write*************** 
in ensight writer
Open files
write geo
 cycle = 423
 cycle = 424
 cycle = 425
 cycle = 426
 cycle = 427
 cycle = 428
 cycle = 429
 cycle = 430
Percent complete = 78.39 
 cycle = 431
 cycle = 432
 cycle = 433
 cycle = 434
 cycle = 435
 cycle = 436
 cycle = 437
 cycle = 438
****************Graphics write*************** 
in ensight writer
Open files
write geo
 cycle = 439
 cycle = 440
Percent complete = 80.04 
 cycle = 441
 cycle = 442
 cycle = 443
 cycle = 444
 cycle = 445
 cycle = 446
 cycle = 447
 cycle = 448
 cycle = 449
 cycle = 450
Percent complete = 80.39 
Step = 450   dt = 5.237424e-04  time = 8.039255e-01  
  cycle = 451
 cycle = 452
 cycle = 453
 cycle = 454
 cycle = 455
 cycle = 456
 cycle = 457
 cycle = 458
 cycle = 459
 cycle = 460
Percent complete = 81.31 
 cycle = 461
 cycle = 462
 cycle = 463
 cycle = 464
 cycle = 465
 cycle = 466
 cycle = 467
****************Graphics write*************** 
in ensight writer
Open files
write geo
 cycle = 468
 cycle = 469
 cycle = 470
Percent complete = 82.63 
 cycle = 471
 cycle = 472
 cycle = 473
 cycle = 474
 cycle = 475
 cycle = 476
 cycle = 477
 cycle = 478
 cycle = 479
 cycle = 480
Percent complete = 83.48 
 cycle = 481
 cycle = 482
 cycle = 483
 cycle = 484
 cycle = 485
 cycle = 486
 cycle = 487
 cycle = 488
****************Graphics write*************** 
in ensight writer
Open files
write geo
 cycle = 489
 cycle = 490
Percent complete = 85.49 
 cycle = 491
 cycle = 492
 cycle = 493
 cycle = 494
 cycle = 495
 cycle = 496
****************Graphics write*************** 
in ensight writer
Open files
write geo
 cycle = 497
 cycle = 498
 cycle = 499
 cycle = 500
Percent complete = 89.01 
Step = 500   dt = 4.328008e-03  time = 8.900911e-01  
  cycle = 501
 cycle = 502
****************Graphics write*************** 
in ensight writer
Open files
write geo
 cycle = 503
 cycle = 504
 cycle = 505
 cycle = 506
****************Graphics write*************** 
in ensight writer
Open files
write geo
 cycle = 507
 cycle = 508
 cycle = 509
 cycle = 510
Percent complete = 95.00 
****************Graphics write*************** 
in ensight writer
Open files
write geo
 cycle = 511
 cycle = 512
 cycle = 513
 cycle = 514
 cycle = 515
 cycle = 516
 cycle = 517
 cycle = 518
****************Graphics write*************** 
in ensight writer
Open files
write geo
 cycle = 519
 cycle = 520
Percent complete = 97.92 
 cycle = 521
 cycle = 522
 cycle = 523
 cycle = 524
 cycle = 525
 cycle = 526
 cycle = 527
in ensight writer
Open files
write geo
Kinetic Energy at time = 1 is = -nan
Internal Energy at time = 1 is = 0.061875
Total energy at time = 0 = 0.144375
Total energy at time = 1 is = -nan
Energy Error = -nan
Program Run Time = 809 sec 
MAIN END
double free or corruption (out)
srun: error: cn129: task 0: Aborted (core dumped)
