MAIN START
CCH = 0
SGH = 0
DGH = 0
RDH = 1
Setting up RD Solver
before reading file
This is the 1st description line of the EnSight Gold geometry example
This is the 2nd description line of the EnSight Gold geometry example
node id assign
element id assign
part
         1
Mesh
coordinates
162
Num points read in = 162

hexa8
Num elements read in 64
before initial mesh initialization
Before converting index
Before loop
Before initial mesh connectivity
refine mesh
Before actual mesh connectivity!!!
Min_dist = 0.1
Hash dist = 0.00714286
p_order = 2
after closing file

Num nodes in mesh = 5445
Num cells in mesh = 4096
Num elements in mesh = 64


Allocate and Initialize
Number of correction steps = 2
 Num cells in element reference  = 64
  patch_rid = 240  num_patches = 240
  num cells * 6 = 384 and num_cells_1D = 4
Node state allocated and initialized

Corner state allocated and initialized

Cell state allocated and initialized

Material point state allocated and initialized

Element state allocated and initialized

number of patches = 13568
number of bdy patches = 2560
Number of Boundaries = 6
 tagged boundary patches 
Boundary number 0
tagged a set 
boundary value = 0
number of bdy patches in this set = 128

 tagged boundary patches 
Boundary number 1
tagged a set 
boundary value = 0
number of bdy patches in this set = 128

 tagged boundary patches 
Boundary number 2
tagged a set 
boundary value = 0
number of bdy patches in this set = 1024

 tagged boundary patches 
Boundary number 3
tagged a set 
boundary value = 1
number of bdy patches in this set = 128

 tagged boundary patches 
Boundary number 4
tagged a set 
boundary value = 1
number of bdy patches in this set = 128

 tagged boundary patches 
Boundary number 5
tagged a set 
boundary value = 0.1
number of bdy patches in this set = 1024

Calculating Jacobian at gauss points
Calculating Jacobian at gauss pts in cells
Before volume from Jacobian
Fill instruction NF = 1
Num cells read in = 64
Num elements in mesh = 64
Num cells in mesh = 4096
After first timestep call
First Time Step = 1.1e-05

Before first ensight 
in ensight writer
Open files
write geo
After first ensight 

Calling Hydro Solver


 cycle = 1
 ke at t0 = 0.025
 ie at t0 = 0.01875
E_tot at t0 = 0.04375

 cycle = 2
 cycle = 3
 cycle = 4
 cycle = 5
 cycle = 6
 cycle = 7
 cycle = 8
 cycle = 9
 cycle = 10
Percent complete = 0.02 
 cycle = 11
 cycle = 12
 cycle = 13
 cycle = 14
 cycle = 15
 cycle = 16
 cycle = 17
 cycle = 18
 cycle = 19
 cycle = 20
Percent complete = 0.07 
 cycle = 21
 cycle = 22
 cycle = 23
 cycle = 24
 cycle = 25
 cycle = 26
 cycle = 27
 cycle = 28
 cycle = 29
 cycle = 30
Percent complete = 0.20 
 cycle = 31
 cycle = 32
 cycle = 33
 cycle = 34
 cycle = 35
 cycle = 36
 cycle = 37
 cycle = 38
 cycle = 39
 cycle = 40
Percent complete = 0.54 
 cycle = 41
 cycle = 42
 cycle = 43
 cycle = 44
 cycle = 45
 cycle = 46
 cycle = 47
 cycle = 48
 cycle = 49
 cycle = 50
Percent complete = 1.41 
Step = 50   dt = 1.291299e-03  time = 1.408329e-02  
  cycle = 51
 cycle = 52
 cycle = 53
 cycle = 54
 cycle = 55
 cycle = 56
****************Graphics write*************** 
in ensight writer
Open files
write geo
 cycle = 57
 cycle = 58
 cycle = 59
 cycle = 60
Percent complete = 3.65 
 cycle = 61
 cycle = 62
 cycle = 63
 cycle = 64
****************Graphics write*************** 
in ensight writer
Open files
write geo
 cycle = 65
 cycle = 66
 cycle = 67
 cycle = 68
 cycle = 69
 cycle = 70
Percent complete = 6.34 
 cycle = 71
 cycle = 72
 cycle = 73
 cycle = 74
****************Graphics write*************** 
in ensight writer
Open files
write geo
 cycle = 75
 cycle = 76
 cycle = 77
 cycle = 78
 cycle = 79
 cycle = 80
Percent complete = 8.78 
 cycle = 81
 cycle = 82
 cycle = 83
 cycle = 84
 cycle = 85
****************Graphics write*************** 
in ensight writer
Open files
write geo
 cycle = 86
 cycle = 87
 cycle = 88
 cycle = 89
 cycle = 90
Percent complete = 10.42 
 cycle = 91
 cycle = 92
 cycle = 93
 cycle = 94
 cycle = 95
 cycle = 96
 cycle = 97
 cycle = 98
 cycle = 99
 cycle = 100
